[{"text":"    func insert(","violation":{"ruleDescription":"Number of function parameters should be low.","ruleName":"Function Parameter Count","severity":"error","location":{"line":70,"file":"Sources\/Relux\/Store\/ClipboardStore.swift","character":5},"reason":"Function should have 5 parameters or less: it currently has 9","ruleIdentifier":"function_parameter_count"}}]